<?php return array (
  0 => 'Symfony\\Bundle\\FrameworkBundle\\Controller\\AbstractController',
  1 => 'App\\Controller\\AdminAccountController',
  2 => 'App\\Controller\\AdminDashboardController',
  3 => 'App\\Controller\\AdminEvaluationController',
  4 => 'App\\Controller\\AdminParameterController',
  5 => 'App\\Controller\\AdminUserController',
  6 => 'App\\Controller\\BackController',
  7 => 'App\\Controller\\CommentaireController',
  8 => 'App\\Controller\\CourAdminController',
  9 => 'App\\Controller\\CourController',
  10 => 'App\\Controller\\EvaluationCaldendarController',
  11 => 'App\\Controller\\EvaluationController',
  12 => 'App\\Controller\\ForumController',
  13 => 'App\\Controller\\FrontController',
  14 => 'App\\Controller\\HomeController',
  15 => 'App\\Controller\\QuestionController',
  16 => 'App\\Controller\\RegistrationController',
  17 => 'App\\Controller\\RegistrationController1',
  18 => 'App\\Controller\\ResetPasswordController',
  19 => 'App\\Controller\\SecurityController',
  20 => 'App\\Controller\\SecurityController1',
  21 => 'App\\Controller\\TeacherEvaluationController',
  22 => 'App\\Controller\\UniteAdminController',
  23 => 'App\\Controller\\UniteController',
  24 => 'App\\Entity\\Candidat',
  25 => 'App\\Entity\\Commentaire',
  26 => 'App\\Entity\\Cour',
  27 => 'App\\Entity\\Entretien',
  28 => 'App\\Entity\\Evaluation',
  29 => 'App\\Entity\\Forum',
  30 => 'App\\Entity\\Message',
  31 => 'App\\Entity\\Note',
  32 => 'App\\Entity\\Question',
  33 => 'App\\Entity\\Unite',
  34 => 'App\\Entity\\User',
  35 => 'Doctrine\\Bundle\\DoctrineBundle\\Controller\\ProfilerController',
  36 => 'Doctrine\\ORM\\Cache\\Persister\\Entity\\AbstractEntityPersister',
  37 => 'Doctrine\\ORM\\Cache\\Persister\\Entity\\CachedEntityPersister',
  38 => 'Doctrine\\ORM\\Cache\\Persister\\Entity\\NonStrictReadWriteCachedEntityPersister',
  39 => 'Doctrine\\ORM\\Cache\\Persister\\Entity\\ReadOnlyCachedEntityPersister',
  40 => 'Doctrine\\ORM\\Cache\\Persister\\Entity\\ReadWriteCachedEntityPersister',
  41 => 'Doctrine\\ORM\\Persisters\\Entity\\AbstractEntityInheritancePersister',
  42 => 'Doctrine\\ORM\\Persisters\\Entity\\BasicEntityPersister',
  43 => 'Doctrine\\ORM\\Persisters\\Entity\\CachedPersisterContext',
  44 => 'Doctrine\\ORM\\Persisters\\Entity\\EntityPersister',
  45 => 'Doctrine\\ORM\\Persisters\\Entity\\JoinedSubclassPersister',
  46 => 'Doctrine\\ORM\\Persisters\\Entity\\SingleTablePersister',
  47 => 'Endroid\\QrCodeBundle\\Controller\\GenerateController',
  48 => 'Gregwar\\CaptchaBundle\\Controller\\CaptchaController',
  49 => 'SymfonyCasts\\Bundle\\ResetPassword\\Controller\\ResetPasswordControllerTrait',
  51 => 'Symfony\\Bundle\\FrameworkBundle\\Controller\\ControllerResolver',
  52 => 'Symfony\\Bundle\\FrameworkBundle\\Controller\\RedirectController',
  53 => 'Symfony\\Bundle\\FrameworkBundle\\Controller\\TemplateController',
  54 => 'Symfony\\Bundle\\WebProfilerBundle\\Controller\\ExceptionPanelController',
  55 => 'Symfony\\Bundle\\WebProfilerBundle\\Controller\\ProfilerController',
  56 => 'Symfony\\Bundle\\WebProfilerBundle\\Controller\\RouterController',
  57 => 'Symfony\\Component\\HttpKernel\\Controller\\ArgumentResolver',
  58 => 'Symfony\\Component\\HttpKernel\\Controller\\ArgumentResolverInterface',
  59 => 'Symfony\\Component\\HttpKernel\\Controller\\ArgumentResolver\\DefaultValueResolver',
  60 => 'Symfony\\Component\\HttpKernel\\Controller\\ArgumentResolver\\NotTaggedControllerValueResolver',
  61 => 'Symfony\\Component\\HttpKernel\\Controller\\ArgumentResolver\\RequestAttributeValueResolver',
  62 => 'Symfony\\Component\\HttpKernel\\Controller\\ArgumentResolver\\RequestValueResolver',
  63 => 'Symfony\\Component\\HttpKernel\\Controller\\ArgumentResolver\\ServiceValueResolver',
  64 => 'Symfony\\Component\\HttpKernel\\Controller\\ArgumentResolver\\SessionValueResolver',
  65 => 'Symfony\\Component\\HttpKernel\\Controller\\ArgumentResolver\\TraceableValueResolver',
  66 => 'Symfony\\Component\\HttpKernel\\Controller\\ArgumentResolver\\VariadicValueResolver',
  67 => 'Symfony\\Component\\HttpKernel\\Controller\\ArgumentValueResolverInterface',
  68 => 'Symfony\\Component\\HttpKernel\\Controller\\ContainerControllerResolver',
  69 => 'Symfony\\Component\\HttpKernel\\Controller\\ControllerReference',
  70 => 'Symfony\\Component\\HttpKernel\\Controller\\ControllerResolver',
  71 => 'Symfony\\Component\\HttpKernel\\Controller\\ControllerResolverInterface',
  72 => 'Symfony\\Component\\HttpKernel\\Controller\\ErrorController',
  73 => 'Symfony\\Component\\HttpKernel\\Controller\\TraceableArgumentResolver',
  74 => 'Symfony\\Component\\HttpKernel\\Controller\\TraceableControllerResolver',
  75 => 'Symfony\\Component\\Security\\Http\\Controller\\UserValueResolver',
  76 => 'Twilio\\Rest\\Verify\\V2\\Service\\Entity\\ChallengeContext',
  77 => 'Twilio\\Rest\\Verify\\V2\\Service\\Entity\\ChallengeInstance',
  78 => 'Twilio\\Rest\\Verify\\V2\\Service\\Entity\\ChallengeList',
  79 => 'Twilio\\Rest\\Verify\\V2\\Service\\Entity\\ChallengeOptions',
  80 => 'Twilio\\Rest\\Verify\\V2\\Service\\Entity\\ChallengePage',
  81 => 'Twilio\\Rest\\Verify\\V2\\Service\\Entity\\Challenge\\NotificationInstance',
  82 => 'Twilio\\Rest\\Verify\\V2\\Service\\Entity\\Challenge\\NotificationList',
  83 => 'Twilio\\Rest\\Verify\\V2\\Service\\Entity\\Challenge\\NotificationOptions',
  84 => 'Twilio\\Rest\\Verify\\V2\\Service\\Entity\\Challenge\\NotificationPage',
  85 => 'Twilio\\Rest\\Verify\\V2\\Service\\Entity\\FactorContext',
  86 => 'Twilio\\Rest\\Verify\\V2\\Service\\Entity\\FactorInstance',
  87 => 'Twilio\\Rest\\Verify\\V2\\Service\\Entity\\FactorList',
  88 => 'Twilio\\Rest\\Verify\\V2\\Service\\Entity\\FactorOptions',
  89 => 'Twilio\\Rest\\Verify\\V2\\Service\\Entity\\FactorPage',
  90 => 'Twilio\\Rest\\Verify\\V2\\Service\\Entity\\NewFactorInstance',
  91 => 'Twilio\\Rest\\Verify\\V2\\Service\\Entity\\NewFactorList',
  92 => 'Twilio\\Rest\\Verify\\V2\\Service\\Entity\\NewFactorOptions',
  93 => 'Twilio\\Rest\\Verify\\V2\\Service\\Entity\\NewFactorPage',
);